{"level":"INFO","ts":"2023-12-23 17:43:51","caller":"runtime/asm_arm64.s:1197","msg":"ff"}
